[2026-06-27 23:40:02] 自動収集開始。本日の開催: ['帯広ば', '高知', '佐賀']
[2026-06-28 00:03:19]   帯広ば: 収集完了
[2026-06-28 00:25:35]   高知: 収集完了
[2026-06-28 00:48:50]   佐賀: 収集完了
[2026-06-28 00:48:50] 収集 326行追記。データセット: {'races': 35, 'horses': 336, 'wins': 35}
[2026-06-28 00:48:50] 再学習スキップ: ML依存(numpy/lightgbm)が未インストール。収集データは保存済み。
[2026-06-28 00:48:50] 自動実行を終了しました。
[2026-06-28 22:28:20] 自動収集開始。本日の開催: ['帯広ば', '盛岡', '船橋', '金沢', '高知']
[2026-06-28 23:15:16]   帯広ば: 収集完了
[2026-06-28 23:38:58]   盛岡: 収集完了
[2026-06-29 00:02:13]   船橋: 収集完了
[2026-06-29 00:25:30]   金沢: 収集完了
[2026-06-29 00:45:42]   高知: 収集完了
[2026-06-29 00:45:42] 収集 527行追記。データセット: {'races': 93, 'horses': 863, 'wins': 93}
[2026-06-29 00:45:42] 再学習は次回predict時に自動実行されます（タスク環境ではModuleNotFoundError）。
[2026-06-29 00:45:42] 自動実行を終了しました。
[2026-06-29 22:58:36] 自動収集開始。本日の開催: ['帯広ば', '盛岡', '船橋', '大井']
[2026-06-30 07:24:02]   帯広ば: 収集完了
[2026-06-30 20:28:15]   盛岡: 収集完了
[2026-07-01 07:16:46]   船橋: 収集完了
[2026-07-01 20:50:29]   大井: 収集完了
[2026-07-01 20:50:29] 収集 475行追記。データセット: {'races': 141, 'horses': 1338, 'wins': 142}
[2026-07-01 20:50:29] 再学習は次回predict時に自動実行されます（タスク環境ではModuleNotFoundError）。
[2026-07-01 20:50:29] 自動実行を終了しました。
[2026-07-02 03:18:34] 自動収集開始。本日の開催: ['門別', '船橋', '大井', '名古屋', '園田']
[2026-07-02 20:24:14]   門別: 収集完了
[2026-07-02 20:48:32]   船橋: 収集完了
[2026-07-02 21:12:48]   大井: 収集完了
[2026-07-02 21:36:57]   名古屋: 収集完了
[2026-07-02 22:01:07]   園田: 収集完了
[2026-07-02 22:01:07] 収集 552行追記。データセット: {'races': 192, 'horses': 1890, 'wins': 193}
[2026-07-02 22:01:07] 再学習は次回predict時に自動実行されます（タスク環境ではModuleNotFoundError）。
[2026-07-02 22:01:07] 自動実行を終了しました。
[2026-07-03 22:13:10] 自動収集開始。本日の開催: ['船橋', '大井', '名古屋', '園田']
[2026-07-03 23:07:35]   船橋: 収集完了
[2026-07-04 01:37:54] 自動収集開始。本日の開催: ['帯広ば', '船橋', '高知', '佐賀']
[2026-07-04 02:02:24]   帯広ば: 収集完了
[2026-07-04 02:26:53]   船橋: 収集完了
[2026-07-04 02:50:22]   高知: 収集完了
[2026-07-04 03:11:48]   佐賀: 収集完了
[2026-07-04 03:11:48] 収集 0行追記。データセット: {'races': 208, 'horses': 2036, 'wins': 209}
[2026-07-04 03:11:48] 自動実行を終了しました。
[2026-07-04 14:25:10] 自動収集開始。本日の開催: ['帯広ば', '船橋', '高知', '佐賀']
[2026-07-04 14:49:31]   帯広ば: 収集完了
[2026-07-04 15:13:51]   船橋: 収集完了
[2026-07-04 15:37:09]   高知: 収集完了
[2026-07-04 15:58:29]   佐賀: 収集完了
[2026-07-04 15:58:29] 収集 449行追記。データセット: {'races': 253, 'horses': 2485, 'wins': 254}
[2026-07-04 15:58:31] 再学習: 完了 {'trained': True, 'races': 253, 'horses': 2485, 'wins': 254, 'model': 'models/win_model.txt'}
[2026-07-04 15:58:31] 自動実行を終了しました。
[2026-07-05 14:27:53] 自動収集開始。本日の開催: ['帯広ば', '盛岡', '金沢', '高知', '佐賀']
[2026-07-05 14:52:11]   帯広ば: 収集完了
[2026-07-05 15:16:33]   盛岡: 収集完了
[2026-07-05 15:39:52]   金沢: 収集完了
[2026-07-05 16:03:13]   高知: 収集完了
[2026-07-05 16:24:31]   佐賀: 収集完了
[2026-07-05 16:24:31] 収集 554行追記。データセット: {'races': 309, 'horses': 3039, 'wins': 310}
[2026-07-05 16:24:33] 再学習: 完了 {'trained': True, 'races': 309, 'horses': 3039, 'wins': 310, 'model': 'models/win_model.txt'}
[2026-07-05 16:24:33] 自動実行を終了しました。
[2026-07-06 16:16:03] 自動収集開始。本日の開催: ['門別', '盛岡', '川崎', '金沢']
[2026-07-06 16:40:28]   門別: 収集完了
[2026-07-06 17:04:52]   盛岡: 収集完了
[2026-07-06 17:29:19]   川崎: 収集完了
[2026-07-06 17:53:43]   金沢: 収集完了
[2026-07-06 17:53:43] 収集 0行追記。データセット: {'races': 309, 'horses': 3039, 'wins': 310}
[2026-07-06 17:53:43] 自動実行を終了しました。
[2026-07-07 15:42:15] 自動収集開始。本日の開催: ['門別', '川崎', '笠松', '園田']
[2026-07-07 16:06:39]   門別: 収集完了
[2026-07-07 16:31:02]   川崎: 収集完了
[2026-07-07 16:55:27]   笠松: 収集完了
[2026-07-07 17:19:52]   園田: 収集完了
[2026-07-07 17:19:52] 収集 0行追記。データセット: {'races': 309, 'horses': 3039, 'wins': 310}
[2026-07-07 17:19:52] 自動実行を終了しました。
[2026-07-08 15:14:48] 自動収集開始。本日の開催: ['門別', '川崎', '笠松', '園田']
[2026-07-08 15:39:13]   門別: 収集完了
[2026-07-08 16:03:35]   川崎: 収集完了
[2026-07-08 16:27:57]   笠松: 収集完了
[2026-07-08 16:52:17]   園田: 収集完了
[2026-07-08 16:52:17] 収集 0行追記。データセット: {'races': 309, 'horses': 3039, 'wins': 310}
[2026-07-08 16:52:17] 自動実行を終了しました。
[2026-07-09 15:54:39] 自動収集開始。本日の開催: ['川崎', '笠松', '園田']
[2026-07-09 16:19:02]   川崎: 収集完了
[2026-07-09 16:43:27]   笠松: 収集完了
[2026-07-09 17:07:52]   園田: 収集完了
[2026-07-09 17:07:52] 収集 0行追記。データセット: {'races': 309, 'horses': 3039, 'wins': 310}
[2026-07-09 17:07:52] 自動実行を終了しました。
[2026-07-10 23:47:58] 自動収集開始。本日の開催: ['川崎', '笠松', '園田']
[2026-07-11 00:12:20]   川崎: 収集完了
[2026-07-11 00:36:42]   笠松: 収集完了
[2026-07-11 01:01:05]   園田: 収集完了
[2026-07-11 01:01:06] 収集 332行追記。データセット: {'races': 345, 'horses': 3371, 'wins': 346}
[2026-07-11 01:01:07] 再学習: 完了 {'trained': True, 'races': 345, 'horses': 3371, 'wins': 346, 'model': 'models/win_model.txt'}
[2026-07-11 01:01:07] 自動実行を終了しました。
[2026-07-11 21:07:13] 自動収集開始。本日の開催: ['帯広ば', '高知', '佐賀']
[2026-07-11 21:31:40]   帯広ば: 収集完了
[2026-07-11 21:53:04]   高知: 収集完了
[2026-07-11 22:14:29]   佐賀: 収集完了
[2026-07-11 22:14:29] 収集 326行追記。データセット: {'races': 473, 'horses': 4633, 'wins': 474}
[2026-07-11 22:14:31] 再学習: 完了 {'trained': True, 'races': 473, 'horses': 4633, 'wins': 474, 'model': 'models/win_model.txt'}
[2026-07-11 22:14:31] 自動実行を終了しました。
[2026-07-11 23:12:26] 自動収集開始。本日の開催: ['帯広ば', '高知', '佐賀']
[2026-07-11 23:36:53]   帯広ば: 収集完了
[2026-07-11 23:58:21]   高知: 収集完了
[2026-07-12 00:19:47]   佐賀: 収集完了
[2026-07-12 00:19:47] 収集 0行追記。データセット: {'races': 473, 'horses': 4633, 'wins': 474}
[2026-07-12 00:19:47] 自動実行を終了しました。
[2026-07-12 21:09:03] 自動収集開始。本日の開催: ['帯広ば', '盛岡', '金沢', '高知']
[2026-07-12 21:33:22]   帯広ば: 収集完了
[2026-07-12 21:56:41]   盛岡: 収集完了
[2026-07-12 22:20:00]   金沢: 収集完了
[2026-07-12 22:41:16]   高知: 収集完了
[2026-07-12 22:41:16] 収集 386行追記。データセット: {'races': 512, 'horses': 5019, 'wins': 513}
[2026-07-12 22:41:18] 再学習: 完了 {'trained': True, 'races': 512, 'horses': 5019, 'wins': 513, 'model': 'models/win_model.txt'}
[2026-07-12 22:41:18] 自動実行を終了しました。
[2026-07-14 23:44:13] 自動収集開始。本日の開催: ['門別', '盛岡', '浦和', '金沢', '名古屋']
[2026-07-15 00:08:42]   門別: 収集完了
[2026-07-15 00:33:14]   盛岡: 収集完了
[2026-07-15 00:57:48]   浦和: 収集完了
[2026-07-15 01:22:19]   金沢: 収集完了
[2026-07-15 01:46:50]   名古屋: 収集完了
[2026-07-15 01:46:50] 収集 613行追記。データセット: {'races': 572, 'horses': 5632, 'wins': 573}
[2026-07-15 01:46:52] 再学習: 完了 {'trained': True, 'races': 572, 'horses': 5632, 'wins': 573, 'model': 'models/win_model.txt'}
[2026-07-15 01:46:52] 自動実行を終了しました。
[2026-07-15 21:44:35] 自動収集開始。本日の開催: ['門別', '浦和', '名古屋', '園田']
[2026-07-15 22:08:55]   門別: 収集完了
[2026-07-15 22:33:19]   浦和: 収集完了
[2026-07-15 22:57:39]   名古屋: 収集完了
[2026-07-15 23:22:00]   園田: 収集完了
[2026-07-15 23:22:00] 収集 496行追記。データセット: {'races': 620, 'horses': 6128, 'wins': 621}
[2026-07-15 23:22:02] 再学習: 完了 {'trained': True, 'races': 620, 'horses': 6128, 'wins': 621, 'model': 'models/win_model.txt'}
[2026-07-15 23:22:02] 自動実行を終了しました。
[2026-07-15 23:28:37] 自動収集開始。本日の開催: ['門別', '浦和', '名古屋', '園田']
[2026-07-15 23:53:05]   門別: 収集完了
[2026-07-16 00:17:38]   浦和: 収集完了
[2026-07-16 00:42:11]   名古屋: 収集完了
[2026-07-16 01:06:44]   園田: 収集完了
[2026-07-16 01:06:44] 収集 0行追記。データセット: {'races': 620, 'horses': 6128, 'wins': 621}
[2026-07-16 01:06:44] 自動実行を終了しました。
[2026-07-16 21:53:21] 自動収集開始。本日の開催: ['門別', '浦和', '園田', '佐賀']
[2026-07-16 22:17:50]   門別: 収集完了
[2026-07-16 22:42:18]   浦和: 収集完了
[2026-07-16 23:06:45]   園田: 収集完了
[2026-07-16 23:28:11]   佐賀: 収集完了
[2026-07-16 23:28:11] 収集 456行追記。データセット: {'races': 666, 'horses': 6584, 'wins': 667}
[2026-07-16 23:28:13] 再学習: 完了 {'trained': True, 'races': 666, 'horses': 6584, 'wins': 667, 'model': 'models/win_model.txt'}
[2026-07-16 23:28:13] 自動実行を終了しました。
[2026-07-16 23:47:22] 自動収集開始。本日の開催: ['門別', '浦和', '園田', '佐賀']
[2026-07-17 00:11:46]   門別: 収集完了
[2026-07-17 00:36:12]   浦和: 収集完了
[2026-07-17 01:00:37]   園田: 収集完了
[2026-07-17 01:21:58]   佐賀: 収集完了
[2026-07-17 01:21:58] 収集 0行追記。データセット: {'races': 666, 'horses': 6584, 'wins': 667}
[2026-07-17 01:21:58] 自動実行を終了しました。
[2026-07-17 21:37:52] 自動収集開始。本日の開催: ['浦和', '名古屋', '園田']
[2026-07-17 22:02:17]   浦和: 収集完了
[2026-07-17 22:26:38]   名古屋: 収集完了
[2026-07-17 22:51:01]   園田: 収集完了
[2026-07-17 22:51:01] 収集 377行追記。データセット: {'races': 702, 'horses': 6961, 'wins': 703}
[2026-07-17 22:51:03] 再学習: 完了 {'trained': True, 'races': 702, 'horses': 6961, 'wins': 703, 'model': 'models/win_model.txt'}
[2026-07-17 22:51:03] 自動実行を終了しました。
[2026-07-17 23:17:47] 自動収集開始。本日の開催: ['浦和', '名古屋', '園田']
[2026-07-17 23:42:06]   浦和: 収集完了
[2026-07-18 00:06:24]   名古屋: 収集完了
[2026-07-18 00:30:44]   園田: 収集完了
[2026-07-18 00:30:44] 収集 0行追記。データセット: {'races': 702, 'horses': 6961, 'wins': 703}
[2026-07-18 00:30:44] 自動実行を終了しました。
[2026-07-18 21:07:01] 自動収集開始。本日の開催: ['帯広ば', '高知', '佐賀']
[2026-07-18 21:31:21]   帯広ば: 収集完了
[2026-07-18 21:55:40]   高知: 収集完了
[2026-07-18 22:16:58]   佐賀: 収集完了
[2026-07-18 22:16:59] 収集 337行追記。データセット: {'races': 736, 'horses': 7298, 'wins': 737}
[2026-07-18 22:17:01] 再学習: 完了 {'trained': True, 'races': 736, 'horses': 7298, 'wins': 737, 'model': 'models/win_model.txt'}
[2026-07-18 22:17:01] 自動実行を終了しました。
[2026-07-18 23:10:52] 自動収集開始。本日の開催: ['帯広ば', '高知', '佐賀']
[2026-07-18 23:35:19]   帯広ば: 収集完了
[2026-07-18 23:59:48]   高知: 収集完了
[2026-07-19 00:21:12]   佐賀: 収集完了
[2026-07-19 00:21:12] 収集 0行追記。データセット: {'races': 736, 'horses': 7298, 'wins': 737}
[2026-07-19 00:21:12] 自動実行を終了しました。
[2026-07-19 21:07:27] 自動収集開始。本日の開催: ['帯広ば', '盛岡', '金沢', '高知']
[2026-07-19 21:31:56]   帯広ば: 収集完了
[2026-07-19 21:55:24]   盛岡: 収集完了
[2026-07-19 22:14:47]   金沢: 収集完了
[2026-07-19 22:39:14]   高知: 収集完了
[2026-07-19 22:39:14] 収集 418行追記。データセット: {'races': 780, 'horses': 7716, 'wins': 783}
[2026-07-19 22:39:16] 再学習: 完了 {'trained': True, 'races': 780, 'horses': 7716, 'wins': 783, 'model': 'models/win_model.txt'}
[2026-07-19 22:39:16] 自動実行を終了しました。
[2026-07-19 23:14:00] 自動収集開始。本日の開催: ['帯広ば', '盛岡', '金沢', '高知']
[2026-07-19 23:38:18]   帯広ば: 収集完了
[2026-07-20 00:01:36]   盛岡: 収集完了
[2026-07-20 00:20:52]   金沢: 収集完了
[2026-07-20 00:45:12]   高知: 収集完了
[2026-07-20 00:45:12] 収集 0行追記。データセット: {'races': 780, 'horses': 7716, 'wins': 783}
[2026-07-20 00:45:12] 自動実行を終了しました。
<<<<<<< Updated upstream
[2026-07-20 22:18:39] 自動収集開始。本日の開催: ['帯広ば', '盛岡', '大井', '金沢', '笠松', '佐賀']
[2026-07-20 22:43:10]   帯広ば: 収集完了
[2026-07-20 23:07:42]   盛岡: 収集完了
[2026-07-20 23:32:13]   大井: 収集完了
[2026-07-20 23:53:38]   金沢: 収集完了
[2026-07-21 00:18:08]   笠松: 収集完了
[2026-07-21 00:39:35]   佐賀: 収集完了
[2026-07-21 00:39:35] 収集 663行追記。データセット: {'races': 848, 'horses': 8379, 'wins': 851}
[2026-07-21 00:39:38] 再学習: 完了 {'trained': True, 'races': 848, 'horses': 8379, 'wins': 851, 'model': 'models/win_model.txt'}
[2026-07-21 00:39:38] 自動実行を終了しました。
=======
[2026-07-21 00:40:10] 自動収集開始。本日の開催: ['門別', '盛岡', '大井']
[2026-07-21 01:04:28]   門別: 収集完了
[2026-07-21 01:28:47]   盛岡: 収集完了
[2026-07-21 01:53:06]   大井: 収集完了
[2026-07-21 01:53:06] 収集 0行追記。データセット: {'races': 780, 'horses': 7716, 'wins': 783}
[2026-07-21 01:53:06] 自動実行を終了しました。
>>>>>>> Stashed changes
[2026-07-21 21:44:25] 自動収集開始。本日の開催: ['門別', '盛岡', '大井']
[2026-07-21 22:08:50]   門別: 収集完了
[2026-07-21 22:33:15]   盛岡: 収集完了
[2026-07-21 22:57:41]   大井: 収集完了
[2026-07-21 22:57:41] 収集 383行追記。データセット: {'races': 884, 'horses': 8762, 'wins': 887}
[2026-07-21 22:57:43] 再学習: 完了 {'trained': True, 'races': 884, 'horses': 8762, 'wins': 887, 'model': 'models/win_model.txt'}
[2026-07-21 22:57:43] 自動実行を終了しました。
[2026-07-21 23:48:57] 自動収集開始。本日の開催: ['門別', '盛岡', '大井']
[2026-07-22 00:13:20]   門別: 収集完了
[2026-07-22 00:37:42]   盛岡: 収集完了
[2026-07-22 01:02:02]   大井: 収集完了
[2026-07-22 01:02:02] 収集 0行追記。データセット: {'races': 884, 'horses': 8762, 'wins': 887}
[2026-07-22 01:02:02] 自動実行を終了しました。
[2026-07-22 21:47:49] 自動収集開始。本日の開催: ['門別', '大井', '笠松', '園田']
[2026-07-22 22:12:14]   門別: 収集完了
[2026-07-22 22:36:39]   大井: 収集完了
[2026-07-22 23:01:06]   笠松: 収集完了
[2026-07-22 23:25:31]   園田: 収集完了
[2026-07-22 23:25:32] 収集 495行追記。データセット: {'races': 932, 'horses': 9257, 'wins': 935}
[2026-07-22 23:25:34] 再学習: 完了 {'trained': True, 'races': 932, 'horses': 9257, 'wins': 935, 'model': 'models/win_model.txt'}
[2026-07-22 23:25:34] 自動実行を終了しました。
[2026-07-22 23:48:03] 自動収集開始。本日の開催: ['門別', '大井', '笠松', '園田']
[2026-07-23 00:12:22]   門別: 収集完了
[2026-07-23 00:36:41]   大井: 収集完了
[2026-07-23 01:01:01]   笠松: 収集完了
[2026-07-23 01:25:22]   園田: 収集完了
[2026-07-23 01:25:22] 収集 0行追記。データセット: {'races': 932, 'horses': 9257, 'wins': 935}
[2026-07-23 01:25:22] 自動実行を終了しました。
[2026-07-23 21:50:21] 自動収集開始。本日の開催: ['門別', '大井', '笠松', '園田']
[2026-07-23 22:14:44]   門別: 収集完了
[2026-07-23 22:39:07]   大井: 収集完了
[2026-07-23 23:03:28]   笠松: 収集完了
[2026-07-23 23:27:50]   園田: 収集完了
[2026-07-23 23:27:50] 収集 464行追記。データセット: {'races': 979, 'horses': 9721, 'wins': 982}
[2026-07-23 23:27:52] 再学習: 完了 {'trained': True, 'races': 979, 'horses': 9721, 'wins': 982, 'model': 'models/win_model.txt'}
[2026-07-23 23:27:52] 自動実行を終了しました。
[2026-07-23 23:54:43] 自動収集開始。本日の開催: ['門別', '大井', '笠松', '園田']
[2026-07-24 00:19:10]   門別: 収集完了
[2026-07-24 00:43:37]   大井: 収集完了
[2026-07-24 01:08:01]   笠松: 収集完了
[2026-07-24 01:32:27]   園田: 収集完了
[2026-07-24 01:32:27] 収集 0行追記。データセット: {'races': 979, 'horses': 9721, 'wins': 982}
[2026-07-24 01:32:27] 自動実行を終了しました。
[2026-07-24 21:47:21] 自動収集開始。本日の開催: ['大井', '笠松', '園田']
[2026-07-24 22:11:48]   大井: 収集完了
[2026-07-24 22:36:15]   笠松: 収集完了
[2026-07-24 23:00:44]   園田: 収集完了
[2026-07-24 23:00:44] 収集 310行追記。データセット: {'races': 1013, 'horses': 10031, 'wins': 1016}
[2026-07-24 23:00:46] 再学習: 完了 {'trained': True, 'races': 1013, 'horses': 10031, 'wins': 1016, 'model': 'models/win_model.txt'}
[2026-07-24 23:00:46] 自動実行を終了しました。
[2026-07-24 23:26:47] 自動収集開始。本日の開催: ['大井', '笠松', '園田']
[2026-07-24 23:51:12]   大井: 収集完了
[2026-07-25 00:15:35]   笠松: 収集完了
[2026-07-25 00:40:04]   園田: 収集完了
[2026-07-25 00:40:04] 収集 0行追記。データセット: {'races': 1013, 'horses': 10031, 'wins': 1016}
[2026-07-25 00:40:04] 自動実行を終了しました。
[2026-07-25 21:10:58] 自動収集開始。本日の開催: ['帯広ば', '高知']
[2026-07-25 21:35:22]   帯広ば: 収集完了
[2026-07-25 21:56:44]   高知: 収集完了
[2026-07-25 21:56:44] 収集 227行追記。データセット: {'races': 1035, 'horses': 10258, 'wins': 1038}
[2026-07-25 21:56:46] 再学習: 完了 {'trained': True, 'races': 1035, 'horses': 10258, 'wins': 1038, 'model': 'models/win_model.txt'}
[2026-07-25 21:56:46] 自動実行を終了しました。
[2026-07-25 23:20:07] 自動収集開始。本日の開催: ['帯広ば', '高知']
[2026-07-25 23:44:26]   帯広ば: 収集完了
[2026-07-26 00:05:51]   高知: 収集完了
[2026-07-26 00:05:51] 収集 0行追記。データセット: {'races': 1035, 'horses': 10258, 'wins': 1038}
[2026-07-26 00:05:51] 自動実行を終了しました。
[2026-07-26 21:18:18] 自動収集開始。本日の開催: ['帯広ば', '盛岡', '金沢', '高知']
[2026-07-26 21:42:36]   帯広ば: 収集完了
[2026-07-26 22:06:57]   盛岡: 収集完了
[2026-07-26 22:22:09]   金沢: 収集完了
[2026-07-26 22:45:28]   高知: 収集完了
[2026-07-26 22:45:28] 収集 395行追記。データセット: {'races': 1077, 'horses': 10653, 'wins': 1080}
[2026-07-26 22:45:30] 再学習: 完了 {'trained': True, 'races': 1077, 'horses': 10653, 'wins': 1080, 'model': 'models/win_model.txt'}
[2026-07-26 22:45:30] 自動実行を終了しました。
[2026-07-26 23:17:43] 自動収集開始。本日の開催: ['帯広ば', '盛岡', '金沢', '高知']
[2026-07-26 23:42:05]   帯広ば: 収集完了
[2026-07-27 00:06:30]   盛岡: 収集完了
[2026-07-27 00:21:46]   金沢: 収集完了
[2026-07-27 00:45:05]   高知: 収集完了
[2026-07-27 00:45:05] 収集 0行追記。データセット: {'races': 1077, 'horses': 10653, 'wins': 1080}
[2026-07-27 00:45:05] 自動実行を終了しました。
[2026-07-27 22:45:22] 自動収集開始。本日の開催: ['帯広ば', '盛岡', '川崎', '金沢']
[2026-07-27 23:09:52]   帯広ば: 収集完了
[2026-07-27 23:34:22]   盛岡: 収集完了
[2026-07-27 23:58:52]   川崎: 収集完了
[2026-07-28 00:20:22]   金沢: 収集完了
[2026-07-28 00:20:22] 収集 425行追記。データセット: {'races': 1123, 'horses': 11078, 'wins': 1127}
[2026-07-28 00:20:23] 再学習: 完了 {'trained': True, 'races': 1123, 'horses': 11078, 'wins': 1127, 'model': 'models/win_model.txt'}
[2026-07-28 00:20:23] 自動実行を終了しました。
[2026-07-28 00:31:40] 自動収集開始。本日の開催: ['門別', '盛岡', '川崎', '金沢', '名古屋']
[2026-07-28 00:55:59]   門別: 収集完了
[2026-07-28 01:20:25]   盛岡: 収集完了
[2026-07-28 01:44:44]   川崎: 収集完了
[2026-07-28 02:06:03]   金沢: 収集完了
[2026-07-28 02:30:25]   名古屋: 収集完了
[2026-07-28 02:30:25] 収集 0行追記。データセット: {'races': 1123, 'horses': 11078, 'wins': 1127}
[2026-07-28 02:30:25] 自動実行を終了しました。
[2026-07-28 22:03:19] 自動収集開始。本日の開催: ['門別', '盛岡', '川崎', '金沢', '名古屋']
[2026-07-28 22:27:39]   門別: 収集完了
[2026-07-28 22:51:59]   盛岡: 収集完了
[2026-07-28 23:16:23]   川崎: 収集完了
[2026-07-28 23:37:43]   金沢: 収集完了
[2026-07-29 00:02:05]   名古屋: 収集完了
[2026-07-29 00:02:05] 収集 557行追記。データセット: {'races': 1177, 'horses': 11635, 'wins': 1181}
[2026-07-29 00:02:09] 再学習: 完了 {'trained': True, 'races': 1177, 'horses': 11635, 'wins': 1181, 'model': 'models/win_model.txt'}
[2026-07-29 00:02:09] 自動実行を終了しました。
[2026-07-29 00:06:42] 自動収集開始。本日の開催: ['門別', '川崎', '名古屋', '園田']
[2026-07-29 00:31:01]   門別: 収集完了
[2026-07-29 00:55:19]   川崎: 収集完了
[2026-07-29 01:19:39]   名古屋: 収集完了
[2026-07-29 01:43:59]   園田: 収集完了
[2026-07-29 01:43:59] 収集 0行追記。データセット: {'races': 1177, 'horses': 11635, 'wins': 1181}
[2026-07-29 01:43:59] 自動実行を終了しました。
[2026-07-29 22:10:26] 自動収集開始。本日の開催: ['門別', '川崎', '名古屋', '園田']
[2026-07-29 22:34:49]   門別: 収集完了
[2026-07-29 22:59:14]   川崎: 収集完了
[2026-07-29 23:23:40]   名古屋: 収集完了
[2026-07-29 23:48:03]   園田: 収集完了
[2026-07-29 23:48:04] 収集 490行追記。データセット: {'races': 1225, 'horses': 12125, 'wins': 1229}
[2026-07-29 23:48:06] 再学習: 完了 {'trained': True, 'races': 1225, 'horses': 12125, 'wins': 1229, 'model': 'models/win_model.txt'}
[2026-07-29 23:48:06] 自動実行を終了しました。
[2026-07-29 23:58:34] 自動収集開始。本日の開催: ['門別', '川崎', '名古屋', '園田']
[2026-07-30 00:22:58]   門別: 収集完了
[2026-07-30 00:47:24]   川崎: 収集完了
[2026-07-30 01:11:49]   名古屋: 収集完了
[2026-07-30 01:36:12]   園田: 収集完了
[2026-07-30 01:36:12] 収集 0行追記。データセット: {'races': 1225, 'horses': 12125, 'wins': 1229}
[2026-07-30 01:36:12] 自動実行を終了しました。
[2026-07-30 21:55:28] 自動収集開始。本日の開催: ['門別', '川崎', '名古屋', '園田']
[2026-07-30 22:19:50]   門別: 収集完了
[2026-07-30 22:44:12]   川崎: 収集完了
[2026-07-30 23:08:31]   名古屋: 収集完了
[2026-07-30 23:32:52]   園田: 収集完了
[2026-07-30 23:32:52] 収集 491行追記。データセット: {'races': 1273, 'horses': 12616, 'wins': 1277}
[2026-07-30 23:32:53] 再学習: 完了 {'trained': True, 'races': 1273, 'horses': 12616, 'wins': 1277, 'model': 'models/win_model.txt'}
[2026-07-30 23:32:53] 自動実行を終了しました。
[2026-07-30 23:55:51] 自動収集開始。本日の開催: ['門別', '川崎', '名古屋', '園田']
[2026-07-31 00:20:09]   門別: 収集完了
[2026-07-31 00:44:29]   川崎: 収集完了
[2026-07-31 01:08:49]   名古屋: 収集完了
[2026-07-31 01:33:10]   園田: 収集完了
[2026-07-31 01:33:10] 収集 0行追記。データセット: {'races': 1273, 'horses': 12616, 'wins': 1277}
[2026-07-31 01:33:10] 自動実行を終了しました。
[2026-07-31 22:07:54] 自動収集開始。本日の開催: ['川崎', '名古屋', '園田']
[2026-07-31 22:32:13]   川崎: 収集完了
[2026-07-31 22:56:33]   名古屋: 収集完了
[2026-07-31 23:19:52]   園田: 収集完了
[2026-07-31 23:19:52] 収集 352行追記。データセット: {'races': 1308, 'horses': 12968, 'wins': 1312}
[2026-07-31 23:19:54] 再学習: 完了 {'trained': True, 'races': 1308, 'horses': 12968, 'wins': 1312, 'model': 'models/win_model.txt'}
[2026-07-31 23:19:54] 自動実行を終了しました。
[2026-08-01 00:09:58] 自動収集開始。本日の開催: ['帯広ば', '高知']
[2026-08-01 00:34:18]   帯広ば: 収集完了
[2026-08-01 00:57:40]   高知: 収集完了
[2026-08-01 00:57:40] 収集 0行追記。データセット: {'races': 1308, 'horses': 12968, 'wins': 1312}
[2026-08-01 00:57:40] 自動実行を終了しました。
[2026-08-01 21:14:51] 自動収集開始。本日の開催: ['帯広ば', '高知']
[2026-08-01 21:39:18]   帯広ば: 収集完了
[2026-08-01 22:02:43]   高知: 収集完了
[2026-08-01 22:02:43] 収集 242行追記。データセット: {'races': 1331, 'horses': 13210, 'wins': 1336}
[2026-08-01 22:02:45] 再学習: 完了 {'trained': True, 'races': 1331, 'horses': 13210, 'wins': 1336, 'model': 'models/win_model.txt'}
[2026-08-01 22:02:45] 自動実行を終了しました。
[2026-08-01 23:16:08] 自動収集開始。本日の開催: ['帯広ば', '高知']
[2026-08-01 23:40:37]   帯広ば: 収集完了
[2026-08-02 00:04:07]   高知: 収集完了
[2026-08-02 00:04:07] 収集 0行追記。データセット: {'races': 1331, 'horses': 13210, 'wins': 1336}
[2026-08-02 00:04:07] 自動実行を終了しました。
[2026-08-02 21:16:37] 自動収集開始。本日の開催: ['帯広ば', '盛岡', '船橋', '高知']
[2026-08-02 21:40:57]   帯広ば: 収集完了
[2026-08-02 22:05:18]   盛岡: 収集完了
[2026-08-02 22:29:38]   船橋: 収集完了
[2026-08-02 22:52:56]   高知: 収集完了
[2026-08-02 22:52:57] 収集 471行追記。データセット: {'races': 1378, 'horses': 13681, 'wins': 1383}
[2026-08-02 22:52:58] 再学習: 完了 {'trained': True, 'races': 1378, 'horses': 13681, 'wins': 1383, 'model': 'models/win_model.txt'}
[2026-08-02 22:52:58] 自動実行を終了しました。
[2026-08-02 23:15:55] 自動収集開始。本日の開催: ['帯広ば', '盛岡', '船橋', '高知']
[2026-08-02 23:40:20]   帯広ば: 収集完了
[2026-08-03 00:04:45]   盛岡: 収集完了
[2026-08-03 00:29:09]   船橋: 収集完了
[2026-08-03 00:52:32]   高知: 収集完了
[2026-08-03 00:52:33] 収集 0行追記。データセット: {'races': 1378, 'horses': 13681, 'wins': 1383}
[2026-08-03 00:52:33] 自動実行を終了しました。
[2026-08-03 22:49:08] 自動収集開始。本日の開催: ['帯広ば', '盛岡', '船橋', '金沢']
[2026-08-03 23:13:28]   帯広ば: 収集完了
[2026-08-03 23:37:47]   盛岡: 収集完了
[2026-08-04 00:02:06]   船橋: 収集完了
[2026-08-04 00:23:23]   金沢: 収集完了
[2026-08-04 00:23:23] 収集 439行追記。データセット: {'races': 1424, 'horses': 14120, 'wins': 1429}
[2026-08-04 00:23:25] 再学習: 完了 {'trained': True, 'races': 1424, 'horses': 14120, 'wins': 1429, 'model': 'models/win_model.txt'}
[2026-08-04 00:23:25] 自動実行を終了しました。
[2026-08-04 00:31:54] 自動収集開始。本日の開催: ['門別', '盛岡', '船橋', '金沢']
[2026-08-04 00:56:16]   門別: 収集完了
[2026-08-04 01:20:38]   盛岡: 収集完了
[2026-08-04 01:45:01]   船橋: 収集完了
[2026-08-04 02:06:22]   金沢: 収集完了
[2026-08-04 02:06:22] 収集 0行追記。データセット: {'races': 1424, 'horses': 14120, 'wins': 1429}
[2026-08-04 02:06:22] 自動実行を終了しました。
[2026-08-04 22:12:03] 自動収集開始。本日の開催: ['門別', '盛岡', '船橋', '金沢']
[2026-08-04 22:36:31]   門別: 収集完了
[2026-08-04 23:00:59]   盛岡: 収集完了
[2026-08-04 23:25:27]   船橋: 収集完了
[2026-08-04 23:46:52]   金沢: 収集完了
[2026-08-04 23:46:52] 収集 422行追記。データセット: {'races': 1470, 'horses': 14542, 'wins': 1475}
[2026-08-04 23:46:54] 再学習: 完了 {'trained': True, 'races': 1470, 'horses': 14542, 'wins': 1475, 'model': 'models/win_model.txt'}
[2026-08-04 23:46:54] 自動実行を終了しました。
[2026-08-05 00:11:06] 自動収集開始。本日の開催: ['門別', '船橋', '園田']
[2026-08-05 00:35:36]   門別: 収集完了
[2026-08-05 01:00:06]   船橋: 収集完了
[2026-08-05 01:24:43]   園田: 収集完了
[2026-08-05 01:24:43] 収集 0行追記。データセット: {'races': 1470, 'horses': 14542, 'wins': 1475}
[2026-08-05 01:24:43] 自動実行を終了しました。
[2026-08-05 22:03:42] 自動収集開始。本日の開催: ['門別', '船橋', '園田']
[2026-08-05 22:28:09]   門別: 収集完了
[2026-08-05 22:52:36]   船橋: 収集完了
[2026-08-05 23:17:07]   園田: 収集完了
[2026-08-05 23:17:07] 収集 343行追記。データセット: {'races': 1506, 'horses': 14885, 'wins': 1511}
[2026-08-05 23:17:09] 再学習: 完了 {'trained': True, 'races': 1506, 'horses': 14885, 'wins': 1511, 'model': 'models/win_model.txt'}
[2026-08-05 23:17:09] 自動実行を終了しました。
[2026-08-06 00:01:38] 自動収集開始。本日の開催: ['門別', '船橋', '園田']
[2026-08-06 00:26:01]   門別: 収集完了
[2026-08-06 00:50:25]   船橋: 収集完了
[2026-08-06 01:14:47]   園田: 収集完了
[2026-08-06 01:14:47] 収集 0行追記。データセット: {'races': 1506, 'horses': 14885, 'wins': 1511}
[2026-08-06 01:14:47] 自動実行を終了しました。
[2026-08-06 22:03:50] 自動収集開始。本日の開催: ['門別', '船橋', '園田']
[2026-08-06 22:28:11]   門別: 収集完了
[2026-08-06 22:52:31]   船橋: 収集完了
[2026-08-06 23:16:55]   園田: 収集完了
[2026-08-06 23:16:55] 収集 328行追記。データセット: {'races': 1542, 'horses': 15213, 'wins': 1547}
[2026-08-06 23:16:57] 再学習: 完了 {'trained': True, 'races': 1542, 'horses': 15213, 'wins': 1547, 'model': 'models/win_model.txt'}
[2026-08-06 23:16:57] 自動実行を終了しました。
[2026-08-07 00:00:53] 自動収集開始。本日の開催: ['浦和', '園田']
[2026-08-07 00:25:12]   浦和: 収集完了
[2026-08-07 00:49:36]   園田: 収集完了
[2026-08-07 00:49:37] 収集 0行追記。データセット: {'races': 1542, 'horses': 15213, 'wins': 1547}
[2026-08-07 00:49:37] 自動実行を終了しました。
[2026-08-07 20:59:35] 自動収集開始。本日の開催: ['浦和', '園田']
[2026-08-07 21:24:06]   浦和: 収集完了
[2026-08-07 21:48:37]   園田: 収集完了
[2026-08-07 21:48:37] 収集 221行追記。データセット: {'races': 1566, 'horses': 15434, 'wins': 1571}
[2026-08-07 21:48:39] 再学習: 完了 {'trained': True, 'races': 1566, 'horses': 15434, 'wins': 1571, 'model': 'models/win_model.txt'}
[2026-08-07 21:48:39] 自動実行を終了しました。
[2026-08-07 23:00:19] 自動収集開始。本日の開催: ['浦和', '園田']
[2026-08-07 23:24:48]   浦和: 収集完了
[2026-08-07 23:49:20]   園田: 収集完了
[2026-08-07 23:49:20] 収集 0行追記。データセット: {'races': 1566, 'horses': 15434, 'wins': 1571}
[2026-08-07 23:49:20] 自動実行を終了しました。
[2026-08-08 20:45:55] 自動収集開始。本日の開催: ['帯広ば', '佐賀']
[2026-08-08 21:10:20]   帯広ば: 収集完了
[2026-08-08 21:31:42]   佐賀: 収集完了
[2026-08-08 21:31:42] 収集 216行追記。データセット: {'races': 1588, 'horses': 15650, 'wins': 1593}
[2026-08-08 21:31:44] 再学習: 完了 {'trained': True, 'races': 1588, 'horses': 15650, 'wins': 1593, 'model': 'models/win_model.txt'}
[2026-08-08 21:31:44] 自動実行を終了しました。
[2026-08-08 22:33:53] 自動収集開始。本日の開催: ['帯広ば', '佐賀']
[2026-08-08 22:58:20]   帯広ば: 収集完了
[2026-08-08 23:19:46]   佐賀: 収集完了
[2026-08-08 23:19:46] 収集 0行追記。データセット: {'races': 1588, 'horses': 15650, 'wins': 1593}
[2026-08-08 23:19:46] 自動実行を終了しました。
[2026-08-09 20:47:26] 自動収集開始。本日の開催: ['帯広ば', '盛岡', '金沢', '佐賀']
[2026-08-09 21:11:47]   帯広ば: 収集完了
[2026-08-09 21:35:05]   盛岡: 収集完了
[2026-08-09 21:52:18]   金沢: 収集完了
[2026-08-09 22:13:35]   佐賀: 収集完了
[2026-08-09 22:13:35] 収集 379行追記。データセット: {'races': 1629, 'horses': 16029, 'wins': 1634}
[2026-08-09 22:13:37] 再学習: 完了 {'trained': True, 'races': 1629, 'horses': 16029, 'wins': 1634, 'model': 'models/win_model.txt'}
[2026-08-09 22:13:37] 自動実行を終了しました。
[2026-08-09 22:37:24] 自動収集開始。本日の開催: ['帯広ば', '盛岡', '金沢', '佐賀']
[2026-08-09 23:01:44]   帯広ば: 収集完了
[2026-08-09 23:25:06]   盛岡: 収集完了
[2026-08-09 23:42:21]   金沢: 収集完了
[2026-08-10 00:03:40]   佐賀: 収集完了
[2026-08-10 00:03:40] 収集 0行追記。データセット: {'races': 1629, 'horses': 16029, 'wins': 1634}
[2026-08-10 00:03:40] 自動実行を終了しました。
[2026-08-10 21:01:07] 自動収集開始。本日の開催: ['帯広ば', '盛岡', '浦和', '金沢']
[2026-08-10 21:25:31]   帯広ば: 収集完了
[2026-08-10 21:49:55]   盛岡: 収集完了
[2026-08-10 22:14:21]   浦和: 収集完了
[2026-08-10 22:35:43]   金沢: 収集完了
[2026-08-10 22:35:43] 収集 444行追記。データセット: {'races': 1675, 'horses': 16473, 'wins': 1680}
[2026-08-10 22:35:45] 再学習: 完了 {'trained': True, 'races': 1675, 'horses': 16473, 'wins': 1680, 'model': 'models/win_model.txt'}
[2026-08-10 22:35:45] 自動実行を終了しました。
[2026-08-10 23:07:17] 自動収集開始。本日の開催: ['帯広ば', '盛岡', '浦和', '金沢']
[2026-08-10 23:31:39]   帯広ば: 収集完了
[2026-08-10 23:56:01]   盛岡: 収集完了
[2026-08-11 00:20:22]   浦和: 収集完了
[2026-08-11 00:41:40]   金沢: 収集完了
[2026-08-11 00:41:41] 収集 0行追記。データセット: {'races': 1675, 'horses': 16473, 'wins': 1680}
[2026-08-11 00:41:41] 自動実行を終了しました。
[2026-08-11 20:59:49] 自動収集開始。本日の開催: ['門別', '盛岡', '浦和', '金沢', '笠松']
[2026-08-11 21:24:14]   門別: 収集完了
[2026-08-11 21:48:34]   盛岡: 収集完了
[2026-08-11 22:12:54]   浦和: 収集完了
[2026-08-11 22:34:11]   金沢: 収集完了
[2026-08-11 22:57:30]   笠松: 収集完了
[2026-08-11 22:57:30] 収集 541行追記。データセット: {'races': 1732, 'horses': 17014, 'wins': 1737}
[2026-08-11 22:57:32] 再学習: 完了 {'trained': True, 'races': 1732, 'horses': 17014, 'wins': 1737, 'model': 'models/win_model.txt'}
[2026-08-11 22:57:32] 自動実行を終了しました。
[2026-08-11 23:06:46] 自動収集開始。本日の開催: ['門別', '盛岡', '浦和', '金沢', '笠松']
[2026-08-11 23:31:16]   門別: 収集完了
[2026-08-11 23:55:48]   盛岡: 収集完了
[2026-08-12 00:20:20]   浦和: 収集完了
[2026-08-12 00:41:48]   金沢: 収集完了
[2026-08-12 01:05:22]   笠松: 収集完了
[2026-08-12 01:05:22] 収集 0行追記。データセット: {'races': 1732, 'horses': 17014, 'wins': 1737}
[2026-08-12 01:05:22] 自動実行を終了しました。
[2026-08-12 21:01:05] 自動収集開始。本日の開催: ['門別', '浦和', '大井', '笠松', '園田']
[2026-08-12 21:25:33]   門別: 収集完了
[2026-08-12 21:50:07]   浦和: 収集完了
[2026-08-12 22:11:35]   大井: 収集完了
[2026-08-12 22:35:02]   笠松: 収集完了
[2026-08-12 22:59:30]   園田: 収集完了
[2026-08-12 22:59:30] 収集 559行追記。データセット: {'races': 1789, 'horses': 17573, 'wins': 1794}
[2026-08-12 22:59:32] 再学習: 完了 {'trained': True, 'races': 1789, 'horses': 17573, 'wins': 1794, 'model': 'models/win_model.txt'}
[2026-08-12 22:59:32] 自動実行を終了しました。
[2026-08-12 23:07:17] 自動収集開始。本日の開催: ['門別', '浦和', '大井', '笠松', '園田']
[2026-08-12 23:31:45]   門別: 収集完了
[2026-08-12 23:56:16]   浦和: 収集完了
[2026-08-13 00:17:43]   大井: 収集完了
[2026-08-13 00:41:15]   笠松: 収集完了
[2026-08-13 01:05:46]   園田: 収集完了
[2026-08-13 01:05:46] 収集 0行追記。データセット: {'races': 1789, 'horses': 17573, 'wins': 1794}
[2026-08-13 01:05:46] 自動実行を終了しました。
[2026-08-13 21:01:30] 自動収集開始。本日の開催: ['門別', '大井', '笠松', '園田']
[2026-08-13 21:25:52]   門別: 収集完了
[2026-08-13 21:47:12]   大井: 収集完了
[2026-08-13 22:10:31]   笠松: 収集完了
[2026-08-13 22:34:54]   園田: 収集完了
[2026-08-13 22:34:54] 収集 432行追記。データセット: {'races': 1833, 'horses': 18005, 'wins': 1838}
[2026-08-13 22:34:56] 再学習: 完了 {'trained': True, 'races': 1833, 'horses': 18005, 'wins': 1838, 'model': 'models/win_model.txt'}
[2026-08-13 22:34:56] 自動実行を終了しました。
[2026-08-13 23:08:58] 自動収集開始。本日の開催: ['門別', '大井', '笠松', '園田']
[2026-08-13 23:33:19]   門別: 収集完了
[2026-08-13 23:54:36]   大井: 収集完了
[2026-08-14 00:17:58]   笠松: 収集完了
[2026-08-14 00:42:19]   園田: 収集完了
[2026-08-14 00:42:19] 収集 0行追記。データセット: {'races': 1833, 'horses': 18005, 'wins': 1838}
[2026-08-14 00:42:19] 自動実行を終了しました。
[2026-08-14 20:59:24] 自動収集開始。本日の開催: ['大井', '笠松', '園田']
[2026-08-14 21:20:41]   大井: 収集完了
[2026-08-14 21:45:01]   笠松: 収集完了
[2026-08-14 22:09:21]   園田: 収集完了
[2026-08-14 22:09:21] 収集 339行追記。データセット: {'races': 1867, 'horses': 18344, 'wins': 1872}
[2026-08-14 22:09:24] 再学習: 完了 {'trained': True, 'races': 1867, 'horses': 18344, 'wins': 1872, 'model': 'models/win_model.txt'}
[2026-08-14 22:09:24] 自動実行を終了しました。
[2026-08-14 23:03:22] 自動収集開始。本日の開催: ['大井', '笠松', '園田']
[2026-08-14 23:24:43]   大井: 収集完了
[2026-08-14 23:49:04]   笠松: 収集完了
[2026-08-15 00:13:28]   園田: 収集完了
[2026-08-15 00:13:28] 収集 0行追記。データセット: {'races': 1867, 'horses': 18344, 'wins': 1872}
[2026-08-15 00:13:28] 自動実行を終了しました。
[2026-08-15 20:36:34] 自動収集開始。本日の開催: ['еЄѓеЇГгБ∞', 'е§ІдЇХ', 'дљРи≥А']
[2026-08-15 21:01:03]   еЄѓеЇГгБ∞: 収集完了
[2026-08-15 21:22:31]   е§ІдЇХ: 収集完了
[2026-08-15 21:43:55]   дљРи≥А: 収集完了
[2026-08-15 21:43:55] 収集 332行追記。データセット: {'races': 1899, 'horses': 18676, 'wins': 1904}
[2026-08-15 21:43:57] 再学習: 完了 {'trained': True, 'races': 1899, 'horses': 18676, 'wins': 1904, 'model': 'models/win_model.txt'}
[2026-08-15 21:43:57] 自動実行を終了しました。
[2026-08-15 22:18:38] 自動収集開始。本日の開催: ['帯広ば', '大井', '佐賀']
[2026-08-15 22:43:02]   帯広ば: 収集完了
[2026-08-15 23:04:24]   大井: 収集完了
[2026-08-15 23:25:46]   佐賀: 収集完了
[2026-08-15 23:25:46] 収集 0行追記。データセット: {'races': 1899, 'horses': 18676, 'wins': 1904}
[2026-08-15 23:25:46] 自動実行を終了しました。
[2026-08-16 20:36:48] 自動収集開始。本日の開催: ['帯広ば', '盛岡', '大井', '佐賀']
[2026-08-16 21:01:15]   帯広ば: 収集完了
[2026-08-16 21:25:43]   盛岡: 収集完了
[2026-08-16 21:47:08]   大井: 収集完了
[2026-08-16 22:08:32]   佐賀: 収集完了
[2026-08-16 22:08:33] 収集 445行追記。データセット: {'races': 1943, 'horses': 19121, 'wins': 1948}
[2026-08-16 22:08:35] 再学習: 完了 {'trained': True, 'races': 1943, 'horses': 19121, 'wins': 1948, 'model': 'models/win_model.txt'}
[2026-08-16 22:08:35] 自動実行を終了しました。
[2026-08-16 22:19:42] 自動収集開始。本日の開催: ['帯広ば', '盛岡', '大井', '佐賀']
[2026-08-16 22:44:01]   帯広ば: 収集完了
[2026-08-16 23:08:24]   盛岡: 収集完了
[2026-08-16 23:29:43]   大井: 収集完了
[2026-08-16 23:51:03]   佐賀: 収集完了
[2026-08-16 23:51:03] 収集 0行追記。データセット: {'races': 1943, 'horses': 19121, 'wins': 1948}
[2026-08-16 23:51:03] 自動実行を終了しました。
[2026-08-17 20:43:41] 自動収集開始。本日の開催: ['帯広ば', '盛岡', '大井', '金沢']
[2026-08-17 21:08:11]   帯広ば: 収集完了
[2026-08-17 21:32:41]   盛岡: 収集完了
[2026-08-17 21:54:06]   大井: 収集完了
[2026-08-17 22:15:33]   金沢: 収集完了
[2026-08-17 22:15:34] 収集 417行追記。データセット: {'races': 1986, 'horses': 19538, 'wins': 1991}
[2026-08-17 22:15:36] 再学習: 完了 {'trained': True, 'races': 1986, 'horses': 19538, 'wins': 1991, 'model': 'models/win_model.txt'}
[2026-08-17 22:15:36] 自動実行を終了しました。
[2026-08-17 22:27:14] 自動収集開始。本日の開催: ['帯広ば', '盛岡', '大井', '金沢']
[2026-08-17 22:51:44]   帯広ば: 収集完了
[2026-08-17 23:16:17]   盛岡: 収集完了
[2026-08-17 23:37:42]   大井: 収集完了
[2026-08-17 23:59:08]   金沢: 収集完了
[2026-08-17 23:59:08] 収集 14行追記。データセット: {'races': 1987, 'horses': 19552, 'wins': 1992}
[2026-08-17 23:59:11] 再学習: 完了 {'trained': True, 'races': 1987, 'horses': 19552, 'wins': 1992, 'model': 'models/win_model.txt'}
[2026-08-17 23:59:11] 自動実行を終了しました。
<<<<<<< Updated upstream
[2026-08-18 20:43:11] 自動収集開始。本日の開催: ['門別', '盛岡', '川崎', '金沢', '名古屋']
[2026-08-18 21:07:35]   門別: 収集完了
[2026-08-18 21:32:00]   盛岡: 収集完了
[2026-08-18 21:56:25]   川崎: 収集完了
[2026-08-18 22:17:46]   金沢: 収集完了
[2026-08-18 22:42:13]   名古屋: 収集完了
[2026-08-18 22:42:13] 収集 595行追記。データセット: {'races': 2045, 'horses': 20147, 'wins': 2050}
[2026-08-18 22:42:15] 再学習: 完了 {'trained': True, 'races': 2045, 'horses': 20147, 'wins': 2050, 'model': 'models/win_model.txt'}
[2026-08-18 22:42:15] 自動実行を終了しました。
=======
[2026-08-18 22:42:48] 自動収集開始。本日の開催: ['門別', '盛岡', '川崎', '金沢', '名古屋']
[2026-08-18 23:07:08]   門別: 収集完了
[2026-08-18 23:31:29]   盛岡: 収集完了
[2026-08-18 23:55:49]   川崎: 収集完了
[2026-08-19 00:17:08]   金沢: 収集完了
[2026-08-19 00:41:32]   名古屋: 収集完了
[2026-08-19 00:41:32] 収集 595行追記。データセット: {'races': 2045, 'horses': 20147, 'wins': 2050}
[2026-08-19 00:41:34] 再学習: 完了 {'trained': True, 'races': 2045, 'horses': 20147, 'wins': 2050, 'model': 'models/win_model.txt'}
[2026-08-19 00:41:34] 自動実行を終了しました。
>>>>>>> Stashed changes
[2026-08-19 20:43:10] 自動収集開始。本日の開催: ['門別', '川崎', '名古屋', '園田']
[2026-08-19 21:07:34]   門別: 収集完了
[2026-08-19 21:32:03]   川崎: 収集完了
[2026-08-19 21:56:32]   名古屋: 収集完了
[2026-08-19 22:21:04]   園田: 収集完了
[2026-08-19 22:21:04] 収集 496行追記。データセット: {'races': 2093, 'horses': 20655, 'wins': 2099}
[2026-08-19 22:21:05] 再学習: 完了 {'trained': True, 'races': 2093, 'horses': 20655, 'wins': 2099, 'model': 'models/win_model.txt'}
[2026-08-19 22:21:05] 自動実行を終了しました。
[2026-08-19 22:31:59] 自動収集開始。本日の開催: ['門別', '川崎', '名古屋', '園田']
[2026-08-19 22:56:24]   門別: 収集完了
[2026-08-19 23:20:50]   川崎: 収集完了
[2026-08-19 23:45:15]   名古屋: 収集完了
[2026-08-20 00:09:39]   園田: 収集完了
[2026-08-20 00:09:39] 収集 0行追記。データセット: {'races': 2093, 'horses': 20655, 'wins': 2099}
[2026-08-20 00:09:39] 自動実行を終了しました。
[2026-08-20 20:45:20] 自動収集開始。本日の開催: ['門別', '川崎', '名古屋', '園田']
[2026-08-20 21:09:43]   門別: 収集完了
[2026-08-20 21:34:06]   川崎: 収集完了
[2026-08-20 21:58:27]   名古屋: 収集完了
[2026-08-20 22:22:46]   園田: 収集完了
[2026-08-20 22:22:47] 収集 497行追記。データセット: {'races': 2141, 'horses': 21152, 'wins': 2147}
[2026-08-20 22:22:49] 再学習: 完了 {'trained': True, 'races': 2141, 'horses': 21152, 'wins': 2147, 'model': 'models/win_model.txt'}
[2026-08-20 22:22:49] 自動実行を終了しました。
[2026-08-20 22:34:35] 自動収集開始。本日の開催: ['門別', '川崎', '名古屋', '園田']
[2026-08-20 22:59:00]   門別: 収集完了
[2026-08-20 23:23:26]   川崎: 収集完了
[2026-08-20 23:47:51]   名古屋: 収集完了
[2026-08-21 00:12:18]   園田: 収集完了
[2026-08-21 00:12:18] 収集 0行追記。データセット: {'races': 2141, 'horses': 21152, 'wins': 2147}
[2026-08-21 00:12:18] 自動実行を終了しました。
[2026-08-21 20:44:42] 自動収集開始。本日の開催: ['川崎', '名古屋', '園田']
[2026-08-21 21:09:10]   川崎: 収集完了
[2026-08-21 21:33:40]   名古屋: 収集完了
[2026-08-21 21:58:13]   園田: 収集完了
[2026-08-21 21:58:13] 収集 354行追記。データセット: {'races': 2177, 'horses': 21506, 'wins': 2183}
[2026-08-21 21:58:15] 再学習: 完了 {'trained': True, 'races': 2177, 'horses': 21506, 'wins': 2183, 'model': 'models/win_model.txt'}
[2026-08-21 21:58:15] 自動実行を終了しました。
